// Jest Snapshot v1, https://goo.gl/fbAQLP

exports[`FullPlayer renders correctly 1`] = `
<div
  className="player"
>
  <video
    className="player__video"
  />
  <button
    className="player__exit"
    type="button"
  >
    Exit
  </button>
  <div
    className="player__controls"
  >
    <PlayerControls />
    <div
      className="player__controls-row"
    >
      <button
        className="player__play"
        onClick={[Function]}
        type="button"
      >
        <svg
          height="19"
          viewBox="0 0 19 19"
          width="19"
        >
          <use
            xlinkHref="#pause"
          />
        </svg>
        <span>
          Pause
        </span>
      </button>
      <div
        className="player__name"
      >
        The Grand Budapest Hotel
      </div>
      <button
        className="player__full-screen"
        onClick={[Function]}
        type="button"
      >
        <svg
          height="27"
          viewBox="0 0 27 27"
          width="27"
        >
          <use
            xlinkHref="#full-screen"
          />
        </svg>
        <span>
          Full screen
        </span>
      </button>
    </div>
  </div>
</div>
`;
