// Jest Snapshot v1, https://goo.gl/fbAQLP

exports[`render VideoPlayer VideoPlayer render correctly 1`] = `
<video
  autoPlay={false}
  height="175"
  poster="img/fantastic-beasts-the-crimes-of-grindelwald.jpg"
  width="280"
/>
`;
