// Jest Snapshot v1, https://goo.gl/fbAQLP

exports[`Private route renders correctly 1`] = `null`;
