// Jest Snapshot v1, https://goo.gl/fbAQLP

exports[`ErrorPass render correctly 1`] = `
<div
  className="sign-in__message"
>
  <p>
    We canâ€™t recognize this email 
    <br />
     and password combination. Please try again.
  </p>
</div>
`;
