// Jest Snapshot v1, https://goo.gl/fbAQLP

exports[`render Sign Header Sign Header render correctly 1`] = `
<div
  className="user-block"
>
  <div
    className="user-block__avatar"
  >
    <img
      alt="User avatar"
      height="63"
      src="img/avatar.jpg"
      width="63"
    />
  </div>
</div>
`;
