// Jest Snapshot v1, https://goo.gl/fbAQLP

exports[`Reviews render correctly 1`] = `
<div
  className="movie-card__reviews movie-card__row"
>
  <div
    className="movie-card__reviews-col"
  />
  <div
    className="movie-card__reviews-col"
  >
    <div
      className="review"
    >
      <blockquote
        className="review__quote"
      >
        <p
          className="review__text"
        >
          Two detectives, a rookie and a veteran, hunt a serial killer who uses
        </p>
        <footer
          className="review__details"
        >
          <cite
            className="review__author"
          >
            Kate Mur
          </cite>
          <time
            className="review__date"
            dateTime="May 08, 2019"
          >
            May 08, 2019
          </time>
        </footer>
      </blockquote>
      <div
        className="review__rating"
      >
        8.9
      </div>
    </div>
  </div>
</div>
`;
