// Jest Snapshot v1, https://goo.gl/fbAQLP

exports[`Loading renders correctly 1`] = `
<p
  style={
    Object {
      "fontSize": "40px",
      "lineHeight": "1",
      "textAlign": "center",
    }
  }
>
   Loading...
</p>
`;
